
> thesidejob@0.1.0 build
> next build

   Γû▓ Next.js 14.1.0
   - Environments: .env.local

   Creating an optimized production build ...
npm : Failed to 
compile.
At line:1 char:1
+ npm run build > 
build_output.txt 2>&1
+ ~~~~~~~~~~~~~~~~~~~~~
~~~~~~~~~~~~~~~~
    + CategoryInfo     
         : NotSpecifi  
  ed: (Failed to com   
 pile.:String) [],     
RemoteException
    + FullyQualifiedEr 
   rorId : NativeComm  
  andError
 

./app/page.tsx
Module not found: 
Can't resolve '@/compon
ents/sections/Manifesto
'

https://nextjs.org/docs
/messages/module-not-fo
und

./app/page.tsx
Module not found: 
Can't resolve '@/compon
ents/sections/Contact'

https://nextjs.org/docs
/messages/module-not-fo
und


> Build failed because 
of webpack errors
